../Drivers/STM32F4xx_HAL_Driver/Inc/stm32f4xx_ll_gpio.h:812:22:LL_GPIO_WriteOutputPort	16	static
../Drivers/STM32F4xx_HAL_Driver/Inc/stm32f4xx_ll_gpio.h:823:26:LL_GPIO_ReadOutputPort	16	static
../Drivers/STM32F4xx_HAL_Driver/Inc/stm32f4xx_ll_gpio.h:881:22:LL_GPIO_SetOutputPin	16	static
../Drivers/STM32F4xx_HAL_Driver/Inc/stm32f4xx_ll_gpio.h:910:22:LL_GPIO_ResetOutputPin	16	static
../Drivers/STM32F4xx_HAL_Driver/Inc/stm32f4xx_ll_gpio.h:939:22:LL_GPIO_TogglePin	24	static
../Core/Src/freertos.c:114:6:MX_FREERTOS_Init	8	static
../Core/Src/freertos.c:172:6:StartDefaultTask	16	static
../Core/Src/freertos.c:191:6:StartTask02	24	static
../Core/Src/freertos.c:232:6:StartTask03	16	static
../Core/Src/freertos.c:270:6:StartTask04	16	static
../Core/Src/freertos.c:284:6:CH446QTurnOnSwitch	24	static
../Core/Src/freertos.c:304:6:CH446QTurnOffSwitch	24	static
../Core/Src/freertos.c:323:6:CH446ResetAllSwitch	8	static
